---
source: crates/rs_html_parser/tests/h2_parser_tests.rs
expression: "tokenize(\"<div aaa=aaa >\")"
---
[
    Token {
        data: "div",
        attrs: Some(
            {
                "aaa": Some(
                    (
                        "aaa",
                        Unquoted,
                    ),
                ),
            },
        ),
        kind: OpenTag,
        is_implied: false,
    },
    Token {
        data: "div",
        attrs: None,
        kind: CloseTag,
        is_implied: true,
    },
]
