---
source: crates/rs_html_parser/tests/h2_parser_tests.rs
expression: "parser_test(\"<div aaaaaaa >\")"
---
[
    Token {
        data: "div",
        attrs: Some(
            UniCaseBTreeMap {
                inner: {
                    "aaaaaaa": None,
                },
            },
        ),
        kind: OpenTag,
        is_implied: false,
    },
    Token {
        data: "div",
        attrs: None,
        kind: CloseTag,
        is_implied: true,
    },
]
