---
source: crates/rs_html_parser/tests/h2_parser_tests.rs
expression: "tokenize(\"<style /><div></div>\")"
---
[
    Token {
        data: "style",
        attrs: None,
        kind: OpenTag,
        is_implied: false,
    },
    Token {
        data: "div",
        attrs: None,
        kind: OpenTag,
        is_implied: false,
    },
    Token {
        data: "div",
        attrs: None,
        kind: CloseTag,
        is_implied: false,
    },
    Token {
        data: "style",
        attrs: None,
        kind: CloseTag,
        is_implied: true,
    },
]
