---
source: crates/rs_html_parser/tests/html5lib_test4_test.rs
expression: "parser_test(r####\"<!dOcTyPe hTmL sYsTeM \"xYz\">\"####)"
---
[
    Token {
        data: "dOcTyPe hTmL sYsTeM \"xYz\"",
        attrs: None,
        kind: ProcessingInstruction,
        is_implied: false,
    },
]
