---
source: crates/rs_html_parser/tests/html5lib_test3_test.rs
expression: "parser_test(r####\"<!DOCTYPEa PUBLIC'ô€€€\"####)"
---
[
    Token {
        data: "DOCTYPEa PUBLIC'\u{100000}",
        attrs: None,
        kind: Text,
        is_implied: false,
    },
]
