---
source: crates/rs_html_parser/tests/html5lib_test2_test.rs
expression: "parser_test(r#\"<!DOCTYPE>\"#)"
---
[
    Token {
        data: "",
        attrs: Some(
            {
                "!DOCTYPE": None,
            },
        ),
        kind: ProcessingInstruction,
        is_implied: false,
    },
]
