---
source: crates/rs_html_parser/tests/html5lib_test2_test.rs
expression: "parser_test(r####\"<!DOCTYPE html PUBLIC 'foo' '>x\"####)"
---
[
    Token {
        data: "DOCTYPE html PUBLIC 'foo' '",
        attrs: None,
        kind: ProcessingInstruction,
        is_implied: false,
    },
    Token {
        data: "x",
        attrs: None,
        kind: Text,
        is_implied: false,
    },
]
