---
source: crates/rs_html_parser/tests/html5lib_test3_test.rs
expression: "parser_test(r####\"<!DOCTYPE a>\"####)"
---
[
    Token {
        data: "",
        attrs: Some(
            {
                "!DOCTYPE a": None,
            },
        ),
        kind: ProcessingInstruction,
        is_implied: false,
    },
]
