---
source: crates/rs_html_parser/tests/html5lib_test3_test.rs
expression: "parser_test(r####\"<a \f>\"####)"
---
[
    Token {
        data: "a",
        attrs: Some(
            {
                "\u{c}": None,
            },
        ),
        kind: OpenTag,
        is_implied: false,
    },
    Token {
        data: "a",
        attrs: None,
        kind: CloseTag,
        is_implied: true,
    },
]
