---
source: crates/rs_html_parser/tests/html5lib_test3_test.rs
expression: "parser_test(r####\"<a9>\"####)"
---
[
    Token {
        data: "a9",
        attrs: None,
        kind: OpenTag,
        is_implied: false,
    },
    Token {
        data: "a9",
        attrs: None,
        kind: CloseTag,
        is_implied: true,
    },
]
