---
source: crates/rs_html_parser/tests/html5lib_test4_test.rs
expression: "parser_test(r####\"<!doc>\u0000\"####)"
---
[
    Token {
        data: "",
        attrs: Some(
            {
                "!doc": None,
            },
        ),
        kind: ProcessingInstruction,
        is_implied: false,
    },
    Token {
        data: "\0",
        attrs: None,
        kind: Text,
        is_implied: false,
    },
]
