---
source: crates/rs_html_parser/tests/html5lib_test4_test.rs
expression: "parser_test(r####\"<a a=aa`>\"####)"
---
[
    Token {
        data: "a",
        attrs: Some(
            UniCaseBTreeMap {
                inner: {
                    "a": Some(
                        (
                            "aa`",
                            Unquoted,
                        ),
                    ),
                },
            },
        ),
        kind: OpenTag,
        is_implied: false,
    },
    Token {
        data: "a",
        attrs: None,
        kind: CloseTag,
        is_implied: true,
    },
]
