---
source: crates/rs_html_parser/tests/html5lib_test1_test.rs
expression: "parser_test(r####\"<!DOCTYPE html>\"####)"
---
[
    Token {
        data: "DOCTYPE html",
        attrs: None,
        kind: ProcessingInstruction,
        is_implied: false,
    },
]
