---
source: crates/rs_html_parser/tests/html5lib_test3_test.rs
expression: "parser_test(r####\"<!DOCTYPE a SYSTEM''\b\"####)"
---
[
    Token {
        data: "DOCTYPE a SYSTEM''\u{8}",
        attrs: None,
        kind: Text,
        is_implied: false,
    },
]
