---
source: crates/rs_html_parser/tests/html5lib_test3_test.rs
expression: "parser_test(r####\"<!DOCTYPE a SYSTEM'' x\u0000\"####)"
---
[
    Token {
        data: "DOCTYPE a SYSTEM'' x\0",
        attrs: None,
        kind: Text,
        is_implied: false,
    },
]
