---
source: crates/rs_html_parser/tests/html5lib_test3_test.rs
expression: "parser_test(r####\"<!DOCTYPE a a\f\"####)"
---
[
    Token {
        data: "DOCTYPE a a\u{c}",
        attrs: None,
        kind: Text,
        is_implied: false,
    },
]
