---
source: crates/rs_html_parser/tests/html5lib_test3_test.rs
expression: "parser_test(r####\"<!DOCTYPEa PUBLICA\"####)"
---
[
    Token {
        data: "DOCTYPEa PUBLICA",
        attrs: None,
        kind: Text,
        is_implied: false,
    },
]
