---
source: crates/rs_html_parser/tests/html5lib_test3_test.rs
expression: "parser_test(r####\"<!----\u0000\"####)"
---
[
    Token {
        data: "--\0",
        attrs: None,
        kind: Comment,
        is_implied: false,
    },
    Token {
        data: "",
        attrs: None,
        kind: CommentEnd,
        is_implied: false,
    },
]
