---
source: crates/rs_html_parser/tests/html5lib_test1_test.rs
expression: "parser_test(\"<h a='&COPY'>\")"
---
[
    Token {
        data: "h",
        attrs: Some(
            {
                "a": Some(
                    (
                        "Â©",
                        Single,
                    ),
                ),
            },
        ),
        kind: OpenTag,
        is_implied: false,
    },
    Token {
        data: "h",
        attrs: None,
        kind: CloseTag,
        is_implied: true,
    },
]
